Microchip MPLAB XC8 Compiler V2.35

Linker command line:

-W-3 --edf=C:\Program Files\Microchip\xc8\v2.35\pic\dat\en_msgs.txt -cn \
  -h+dist/default/production\Lab11JavierMonzon20054.X.production.sym \
  --cmf=dist/default/production\Lab11JavierMonzon20054.X.production.cmf -z \
  -Q16F887 -oC:\Users\josej\AppData\Local\Temp\xcAsplg.4 \
  --defsym=__MPLAB_BUILD=1 \
  -Mdist/default/production/Lab11JavierMonzon20054.X.production.map \
  --md=C:\Users\josej\AppData\Local\Temp\xcAsplg.dat -E1 -ver=XC8 Compiler \
  --acfsm=1493 -ACODE=00h-07FFhx4 -ASTRCODE=00h-01FFFh -ASTRING=00h-0FFhx32 \
  -ACONST=00h-0FFhx32 -AENTRY=00h-0FFhx32 -ACOMMON=070h-07Fh \
  -ABANK0=020h-06Fh -ABANK1=0A0h-0EFh -ABANK2=0110h-016Fh \
  -ABANK3=0190h-01EFh -ARAM=020h-06Fh,0A0h-0EFh,0110h-016Fh,0190h-01EFh \
  -AABS1=020h-07Fh,0A0h-0EFh,0110h-016Fh,0190h-01EFh -ASFR0=00h-01Fh \
  -ASFR1=080h-09Fh -ASFR2=0100h-010Fh -ASFR3=0180h-018Fh \
  -ACONFIG=02007h-02008h -DCONFIG=2 -AIDLOC=02000h-02003h -DIDLOC=2 \
  -AEEDATA=00h-0FFh/02100h -peeprom_data=EEDATA -DEEDATA=2 -DCODE=2 \
  -DSTRCODE=2 -DSTRING=2 -DCONST=2 -DENTRY=2 \
  -preset_vec=00h,intentry=04h,init,end_init -ppowerup=CODE -pcinit=CODE \
  -pfunctab=ENTRY -k C:\Users\josej\AppData\Local\Temp\xcAsplg.o \
  dist/default/production\Lab11JavierMonzon20054.X.production.o 

Object code version is 3.11

Machine type is 16F887



                Name                               Link     Load   Length Selector   Space Scale
C:\Users\josej\AppData\Local\Temp\xcAsplg.o
                end_init                              C        C        3        8       0
                reset_vec                             0        0        3        0       0
                config                             2007     2007        2        0       4
                idloc                              2000     2000        4        0       5
dist/default/production\Lab11JavierMonzon20054.X.production.o
                cinit                                 F        F       14        8       0
                intentry                              4        4        8        8       0
                config                             2007     2007        2        0       4
                idloc                              2000     2000        4        0       5
                text9                               783      783       46        8       0
                text8                               384      384      340        8       0
                text7                               E23      E23      1DD     1C46       0
                text6                               7C9      7C9       29        8       0
                text5                                23       23      361        8       0
                text4                               C1F      C1F       92     183E       0
                text3                               D67      D67       BC     1ACE       0
                text2                               CB1      CB1       B6     1962       0
                text1                               B96      B96       89     172C       0
                maintext                            6C4      6C4       BF        8       0
                cstackBANK0                          20       20       50       20       1
                cstackCOMMON                         70       70        8       70       1
                cstackBANK1                          A0       A0       15       A0       1
                dataBANK1                            BA       BA        1       A0       1
                bssBANK1                             B5       B5        5       A0       1
                bssCOMMON                            78       78        3       70       1
                idataBANK1                          7F2      7F2        1        8       0

TOTAL           Name                               Link     Load   Length     Space
        CLASS   CODE           
                end_init                              C        C        3         0
                cinit                                 F        F       14         0
                intentry                              4        4        8         0
                reset_vec                             0        0        3         0
                text9                               783      783       46         0
                text8                               384      384      340         0
                text7                               E23      E23      1DD         0
                text6                               7C9      7C9       29         0
                text5                                23       23      361         0
                text4                               C1F      C1F       92         0
                text3                               D67      D67       BC         0
                text2                               CB1      CB1       B6         0
                text1                               B96      B96       89         0
                maintext                            6C4      6C4       BF         0
                idataBANK1                          7F2      7F2        1         0

        CLASS   STRCODE        

        CLASS   STRING         

        CLASS   CONST          

        CLASS   ENTRY          

        CLASS   COMMON         
                cstackCOMMON                         70       70        8         1
                bssCOMMON                            78       78        3         1

        CLASS   BANK0          
                cstackBANK0                          20       20       50         1

        CLASS   BANK1          
                cstackBANK1                          A0       A0       15         1
                dataBANK1                            BA       BA        1         1
                bssBANK1                             B5       B5        5         1

        CLASS   BANK2          

        CLASS   BANK3          

        CLASS   RAM            

        CLASS   ABS1           
                abs_s1                               7E       7E        2         1

        CLASS   SFR0           

        CLASS   SFR1           

        CLASS   SFR2           

        CLASS   SFR3           

        CLASS   CONFIG         
                config                             2007     2007        2         4

        CLASS   IDLOC          
                idloc                              2000     2000        4         5

        CLASS   EEDATA         

        CLASS   STACK          



SEGMENTS        Name                           Load    Length   Top    Selector   Space  Class     Delta

                reset_vec                      000000  000003  000003         0       0  CODE        2
                intentry                       000004  0007EF  0007F3         8       0  CODE        2
                cstackBANK0                    000020  000050  000070        20       1  BANK0       1
                cstackCOMMON                   000070  00000B  00007B        70       1  COMMON      1
                cstackBANK1                    0000A0  00001B  0000BB        A0       1  BANK1       1
                text1                          000B96  000089  000C1F      172C       0  CODE        2
                text4                          000C1F  000092  000CB1      183E       0  CODE        2
                text2                          000CB1  0000B6  000D67      1962       0  CODE        2
                text3                          000D67  0000BC  000E23      1ACE       0  CODE        2
                text7                          000E23  0001DD  001000      1C46       0  CODE        2


UNUSED ADDRESS RANGES

        Name                Unused          Largest block    Delta
        BANK1            00BB-00EF             35           1
        BANK2            0110-016F             60           1
        BANK3            0190-01EF             60           1
        CODE             0003-0003              1           2
                         07F3-0B95              D
                         1000-1FFF            800
        COMMON           007B-007D              3           1
        CONST            0003-0003              1           2
                         07F3-0B95            100
                         1000-1FFF            100
        EEDATA           2100-21FF            100           2
        ENTRY            0003-0003              1           2
                         07F3-0B95            100
                         1000-1FFF            100
        RAM              00BB-00EF             35           1
                         0110-016F             60
                         0190-01EF             60
        SFR0             0000-001F             20           1
        SFR1             0080-009F             20           1
        SFR2             0100-010F             10           1
        SFR3             0180-018F             10           1
        STRCODE          0003-0003              1           2
                         07F3-0B95            3A3
                         1000-1FFF           1000
        STRING           0003-0003              1           2
                         07F3-0B95            100
                         1000-1FFF            100

                                  Symbol Table

?__Umul8_16              cstackCOMMON 0073
?___fladd                cstackBANK0  005E
?___fldiv                cstackBANK0  002A
?___flmul                cstackBANK0  0044
?___fltol                cstackBANK1  00A4
?___xxtofl               cstackCOMMON 0073
?_map                    cstackBANK1  00AD
_ADCON0bits              (abs)        001F
_ADCON1bits              (abs)        009F
_ADRESH                  (abs)        001E
_ANSEL                   (abs)        0188
_ANSELH                  (abs)        0189
_CCP1CON                 (abs)        0017
_CCP1CONbits             (abs)        0017
_CCPR                    bssBANK1     00B5
_CCPR1L                  (abs)        0015
_INTCONbits              (abs)        000B
_IOCB                    (abs)        0096
_OSCCONbits              (abs)        008F
_PIE1bits                (abs)        008C
_PIR1bits                (abs)        000C
_PORTA                   (abs)        0005
_PORTAbits               (abs)        0005
_PORTBbits               (abs)        0006
_PORTC                   (abs)        0007
_PORTD                   (abs)        0008
_PR2                     (abs)        0092
_SSPBUF                  (abs)        0013
_SSPCONbits              (abs)        0014
_SSPSTATbits             (abs)        0094
_T2CONbits               (abs)        0012
_TRISA                   (abs)        0085
_TRISB                   (abs)        0086
_TRISC                   (abs)        0087
_TRISCbits               (abs)        0087
_TRISD                   (abs)        0088
__Habs1                  abs1         0000
__Hbank0                 bank0        0000
__Hbank1                 bank1        0000
__Hbank2                 bank2        0000
__Hbank3                 bank3        0000
__HbssBANK1              bssBANK1     0000
__HbssCOMMON             bssCOMMON    0000
__Hcinit                 cinit        0023
__Hclrtext               clrtext      0000
__Hcode                  code         0000
__Hcommon                common       0000
__Hconfig                config       2009
__HcstackBANK0           cstackBANK0  0000
__HcstackBANK1           cstackBANK1  0000
__HcstackCOMMON          cstackCOMMON 0000
__HdataBANK1             dataBANK1    0000
__Heeprom_data           eeprom_data  0000
__Hend_init              end_init     000F
__Hfunctab               functab      0000
__HidataBANK1            idataBANK1   0000
__Hidloc                 idloc        2004
__Hinit                  init         000C
__Hintentry              intentry     000C
__Hmaintext              maintext     0000
__Hpowerup               powerup      0000
__Hram                   ram          0000
__Hreset_vec             reset_vec    0003
__Hsfr0                  sfr0         0000
__Hsfr1                  sfr1         0000
__Hsfr2                  sfr2         0000
__Hsfr3                  sfr3         0000
__Hspace_0               (abs)        1000
__Hspace_1               (abs)        00BB
__Hspace_2               (abs)        0000
__Hspace_3               (abs)        0000
__Hspace_4               (abs)        4010
__Hstack                 stack        0000
__Hstrings               strings      0000
__Htext                  text         0000
__Labs1                  abs1         0000
__Lbank0                 bank0        0000
__Lbank1                 bank1        0000
__Lbank2                 bank2        0000
__Lbank3                 bank3        0000
__LbssBANK1              bssBANK1     0000
__LbssCOMMON             bssCOMMON    0000
__Lcinit                 cinit        000F
__Lclrtext               clrtext      0000
__Lcode                  code         0000
__Lcommon                common       0000
__Lconfig                config       0000
__LcstackBANK0           cstackBANK0  0000
__LcstackBANK1           cstackBANK1  0000
__LcstackCOMMON          cstackCOMMON 0000
__LdataBANK1             dataBANK1    0000
__Leeprom_data           eeprom_data  0000
__Lend_init              end_init     000C
__Lfunctab               functab      0000
__LidataBANK1            idataBANK1   0000
__Lidloc                 idloc        0000
__Linit                  init         000C
__Lintentry              intentry     0004
__Lmaintext              maintext     0000
__Lpowerup               powerup      0000
__Lram                   ram          0000
__Lreset_vec             reset_vec    0000
__Lsfr0                  sfr0         0000
__Lsfr1                  sfr1         0000
__Lsfr2                  sfr2         0000
__Lsfr3                  sfr3         0000
__Lspace_0               (abs)        0000
__Lspace_1               (abs)        0000
__Lspace_2               (abs)        0000
__Lspace_3               (abs)        0000
__Lspace_4               (abs)        0000
__Lstack                 stack        0000
__Lstrings               strings      0000
__Ltext                  text         0000
__S0                     (abs)        1000
__S1                     (abs)        00BB
__S3                     (abs)        0000
__Umul8_16               text6        07C9
__Umul8_16@multiplicand  cstackCOMMON 0073
__Umul8_16@multiplier    cstackBANK0  0024
__Umul8_16@product       cstackBANK0  0020
__Umul8_16@word_mpld     cstackBANK0  0022
___fladd                 text8        0384
___fladd@a               cstackBANK0  0062
___fladd@aexp            cstackBANK1  00A1
___fladd@b               cstackBANK0  005E
___fladd@bexp            cstackBANK1  00A2
___fladd@grs             cstackBANK1  00A3
___fladd@signs           cstackBANK1  00A0
___fldiv                 text7        0E23
___fldiv@a               cstackBANK0  002A
___fldiv@aexp            cstackBANK0  0043
___fldiv@b               cstackBANK0  002E
___fldiv@bexp            cstackBANK0  0042
___fldiv@grs             cstackBANK0  003E
___fldiv@new_exp         cstackBANK0  003C
___fldiv@rem             cstackBANK0  0037
___fldiv@sign            cstackBANK0  003B
___flmul                 text5        0023
___flmul@a               cstackBANK0  0048
___flmul@aexp            cstackBANK0  0052
___flmul@b               cstackBANK0  0044
___flmul@bexp            cstackBANK0  0057
___flmul@grs             cstackBANK0  0053
___flmul@prod            cstackBANK0  0058
___flmul@sign            cstackBANK0  0051
___flmul@temp            cstackBANK0  005C
___fltol                 text4        0C1F
___fltol@exp1            cstackBANK0  006F
___fltol@f1              cstackBANK1  00A4
___fltol@sign1           cstackBANK0  006E
___int_sp                stack        0000
___latbits               (abs)        0002
___sp                    stack        0000
___stackhi               (abs)        0000
___stacklo               (abs)        0000
___xxtofl                text3        0D67
___xxtofl@arg            cstackBANK0  0026
___xxtofl@exp            cstackBANK0  0025
___xxtofl@sign           cstackBANK0  0024
___xxtofl@val            cstackCOMMON 0073
__end_of__Umul8_16       text6        07F2
__end_of___fladd         text8        06C4
__end_of___fldiv         text7        1000
__end_of___flmul         text5        0384
__end_of___fltol         text4        0CB1
__end_of___xxtofl        text3        0E23
__end_of__initialization cinit        001F
__end_of_isr             text9        07C9
__end_of_main            maintext     0783
__end_of_map             text2        0D67
__end_of_setup           text1        0C1F
__initialization         cinit        000F
__pbssBANK1              bssBANK1     00B5
__pbssCOMMON             bssCOMMON    0078
__pcstackBANK0           cstackBANK0  0020
__pcstackBANK1           cstackBANK1  00A0
__pcstackCOMMON          cstackCOMMON 0070
__pdataBANK1             dataBANK1    00BA
__pidataBANK1            idataBANK1   07F2
__pintentry              intentry     0004
__pmaintext              maintext     06C4
__ptext1                 text1        0B96
__ptext2                 text2        0CB1
__ptext3                 text3        0D67
__ptext4                 text4        0C1F
__ptext5                 text5        0023
__ptext6                 text6        07C9
__ptext7                 text7        0E23
__ptext8                 text8        0384
__ptext9                 text9        0783
_contador                bssCOMMON    0078
_isr                     text9        0783
_main                    maintext     06C4
_map                     text2        0CB1
_old_pot                 bssBANK1     00B7
_setup                   text1        0B96
_val_temporal            bssCOMMON    0079
_valor_pot               bssBANK1     00B9
btemp                    (abs)        007E
end_of_initialization    cinit        001F
interrupt_function       intentry     0004
intlevel0                functab      0000
intlevel1                functab      0000
intlevel2                functab      0000
intlevel3                functab      0000
intlevel4                functab      0000
intlevel5                functab      0000
map@x                    cstackCOMMON 0077
map@x0                   cstackBANK1  00AD
map@x1                   cstackBANK1  00AE
map@y0                   cstackBANK1  00AF
map@y1                   cstackBANK1  00B1
reset_vec                reset_vec    0000
saved_w                  (abs)        007E
start                    init         000C
start_initialization     cinit        000F
wtemp0                   (abs)        007E


MODULE INFORMATION

Module		Function		Class		Link	Load	Size
C:\Program Files\Microchip\xc8\v2.35\pic\sources\c90\common\xxtofl.c
		___xxtofl      		CODE           	0D67	0000	188

C:\Program Files\Microchip\xc8\v2.35\pic\sources\c90\common\xxtofl.c estimated size: 188

C:\Program Files\Microchip\xc8\v2.35\pic\sources\c90\common\fltol.c
		___fltol       		CODE           	0C1F	0000	146

C:\Program Files\Microchip\xc8\v2.35\pic\sources\c90\common\fltol.c estimated size: 146

C:\Program Files\Microchip\xc8\v2.35\pic\sources\c90\common\sprcmul.c
		___flmul       		CODE           	0023	0000	865

C:\Program Files\Microchip\xc8\v2.35\pic\sources\c90\common\sprcmul.c estimated size: 865

C:\Program Files\Microchip\xc8\v2.35\pic\sources\c90\common\sprcdiv.c
		___fldiv       		CODE           	0E23	0000	477

C:\Program Files\Microchip\xc8\v2.35\pic\sources\c90\common\sprcdiv.c estimated size: 477

shared
		__initialization		CODE           	000F	0000	16

shared estimated size: 16

C:\Program Files\Microchip\xc8\v2.35\pic\sources\c90\common\Umul8_16.c
		__Umul8_16     		CODE           	07C9	0000	41

C:\Program Files\Microchip\xc8\v2.35\pic\sources\c90\common\Umul8_16.c estimated size: 41

main.c
		_map           		CODE           	0CB1	0000	182
		_main          		CODE           	06C4	0000	191
		_isr           		CODE           	0783	0000	70
		_setup         		CODE           	0B96	0000	137

main.c estimated size: 580

C:\Program Files\Microchip\xc8\v2.35\pic\sources\c90\common\sprcadd.c
		___fladd       		CODE           	0384	0000	832

C:\Program Files\Microchip\xc8\v2.35\pic\sources\c90\common\sprcadd.c estimated size: 832

